{
"name": "job-manual-01",
"status": "unknown",
"meta": {
"type": "summary"
}
}