{"name":"job-raw-01","status":"passed","items":[{"name":"output.xml","status":"passed","meta":{"file":"results/global/output.xml"}}]}