sonobuoy-config:
  driver: ""
  plugin-name: ""
  result-type: ""
spec:
  env:
  - name: FOO
    value: bar
  - name: FIZZ
    value: buzz
  name: ""
  resources: {}
