sonobuoy-config:
  driver: Job
  plugin-name: "n"
  result-type: "n"
spec:
  name: ""
  resources: {}
