
---
apiVersion: v1
kind: Namespace
metadata:
  name: heptio-sonobuoy
---
apiVersion: v1
kind: ServiceAccount
metadata:
  labels:
    component: sonobuoy
  name: sonobuoy-serviceaccount
  namespace: heptio-sonobuoy
---
apiVersion: v1
data:
  config.json: |
    {"Description":"DEFAULT","UUID":"","Version":"v0.14.3","ResultsDir":"/tmp/sonobuoy","Resources":["apiservices","certificatesigningrequests","clusterrolebindings","clusterroles","componentstatuses","configmaps","controllerrevisions","cronjobs","customresourcedefinitions","daemonsets","deployments","endpoints","ingresses","jobs","leases","limitranges","mutatingwebhookconfigurations","namespaces","networkpolicies","nodes","persistentvolumeclaims","persistentvolumes","poddisruptionbudgets","pods","podsecuritypolicies","podtemplates","priorityclasses","replicasets","replicationcontrollers","resourcequotas","rolebindings","roles","servergroups","serverversion","serviceaccounts","services","statefulsets","storageclasses","validatingwebhookconfigurations","volumeattachments"],"Filters":{"Namespaces":".*","LabelSelector":""},"Limits":{"PodLogs":{"LimitSize":"","LimitTime":""}},"QPS":30,"Burst":50,"Server":{"bindaddress":"0.0.0.0","bindport":8080,"advertiseaddress":"","timeoutseconds":10800},"Plugins":[{"name":"e2e"}],"PluginSearchPath":["./plugins.d","/etc/sonobuoy/plugins.d","~/sonobuoy/plugins.d"],"Namespace":"heptio-sonobuoy","WorkerImage":"gcr.io/heptio-images/sonobuoy:v0.14.3","ImagePullPolicy":"IfNotPresent","ImagePullSecrets":""}
kind: ConfigMap
metadata:
  labels:
    component: sonobuoy
  name: sonobuoy-config-cm
  namespace: heptio-sonobuoy
---
apiVersion: v1
data:
  plugin-0.yaml: |
    sonobuoy-config:
      driver: Job
      plugin-name: e2e
      result-type: e2e
    spec:
      command:
      - /run_e2e.sh
      env:
      - name: E2E_FOCUS
      - name: E2E_SKIP
      - name: E2E_PARALLEL
      name: e2e
      resources: {}
      volumeMounts:
      - mountPath: /tmp/results
        name: results
kind: ConfigMap
metadata:
  labels:
    component: sonobuoy
  name: sonobuoy-plugins-cm
  namespace: heptio-sonobuoy
---
apiVersion: v1
kind: Pod
metadata:
  labels:
    component: sonobuoy
    run: sonobuoy-master
    tier: analysis
  name: sonobuoy
  namespace: heptio-sonobuoy
spec:
  containers:
  - command:
    - /bin/bash
    - -c
    - /sonobuoy aggregator --no-exit=true -v 3 --logtostderr
    env:
    - name: SONOBUOY_ADVERTISE_IP
      valueFrom:
        fieldRef:
          fieldPath: status.podIP
    image: gcr.io/heptio-images/sonobuoy:v0.14.3
    imagePullPolicy: IfNotPresent
    name: kube-sonobuoy
    volumeMounts:
    - mountPath: /etc/sonobuoy
      name: sonobuoy-config-volume
    - mountPath: /plugins.d
      name: sonobuoy-plugins-volume
    - mountPath: /tmp/sonobuoy
      name: output-volume
  restartPolicy: Never
  serviceAccountName: sonobuoy-serviceaccount
  volumes:
  - configMap:
      name: sonobuoy-config-cm
    name: sonobuoy-config-volume
  - configMap:
      name: sonobuoy-plugins-cm
    name: sonobuoy-plugins-volume
  - emptyDir: {}
    name: output-volume
---
apiVersion: v1
kind: Service
metadata:
  labels:
    component: sonobuoy
    run: sonobuoy-master
  name: sonobuoy-master
  namespace: heptio-sonobuoy
spec:
  ports:
  - port: 8080
    protocol: TCP
    targetPort: 8080
  selector:
    run: sonobuoy-master
  type: ClusterIP
