filename: testdata/pluginTests/hello-world.yaml
plugin name: hello-world
source URL: 
description: 
---
filename: testdata/pluginTests/hw-2.yaml
plugin name: hello-world2
source URL: 
description: 
