{
"name": "ds-raw-01",
"status": "passed",
"meta": {
"type": "summary"
},
"items": [
{
"name": "global",
"status": "passed",
"meta": {
"type": "node"
},
"items": [
{
"name": "output.xml",
"status": "passed",
"meta": {
"file": "results/global/output.xml"
}
}
]
}
]
}