{
"name": "ds-errors-02",
"status": "failed",
"items": [
{
"name": "node1",
"status": "failed",
"items": [
{
"name": "testerr",
"status": "failed",
"meta": {
"file": "errors/node1/error.json"
},
"details": {
"data": "foo",
"error": "testerr"
}
}
]
},
{
"name": "node2",
"status": "failed",
"items": [
{
"name": "testerr2",
"status": "failed",
"meta": {
"file": "errors/node2/error.json"
},
"details": {
"data": "foo2",
"error": "testerr2",
"node": "node2"
}
}
]
}
]
}