{
"name": "job-errors",
"status": "failed",
"items": [
{
"name": "testerr",
"status": "failed",
"meta": {
"file": "errors/error.json"
},
"details": {
"data": "foo",
"error": "testerr"
}
}
]
}