{"name":"job-raw-03","status":"passed","items":[{"name":"output.xml","status":"passed","meta":{"file":"results/global/output.xml"}},{"name":"output2.xml","status":"passed","meta":{"file":"results/global/output2.xml"}}]}