{
"name": "ds-errors-01",
"status": "failed",
"items": [
{
"name": "node2",
"status": "passed",
"items": [
{
"name": "output.xml",
"status": "passed",
"meta": {
"file": "results/node2/output.xml"
},
"items": [
{
"name": "testsuite-001",
"status": "passed",
"items": [
{
"name": "[k8s.io] Pods should be submitted and removed [NodeConformance] [Conformance]",
"status": "passed"
},
{
"name": "[sig-node] ConfigMap should fail to create ConfigMap with empty key [Conformance]",
"status": "passed"
},
{
"name": "[sig-storage] Downward API volume should set DefaultMode on files [LinuxOnly] [NodeConformance] [Conformance]",
"status": "passed"
},
{
"name": "[sig-storage] In-tree Volumes [Driver: local][LocalVolumeType: dir-link-bindmounted] [Testpattern: Dynamic PV (default fs)] subPath should support existing directories when readOnly specified in the volumeSource",
"status": "skipped"
},
{
"name": "[sig-storage] In-tree Volumes [Driver: rbd][Feature:Volumes] [Testpattern: Pre-provisioned PV (default fs)] subPath should support restarting containers using file as subpath [Slow]",
"status": "skipped"
}
]
}
]
}
]
},
{
"name": "node1",
"status": "failed",
"items": [
{
"name": "testerr",
"status": "failed",
"meta": {
"file": "errors/node1/error.json"
},
"details": {
"data": "foo",
"error": "testerr"
}
}
]
}
]
}